// Vitest Snapshot v1, https://vitest.dev/guide/snapshot.html

exports[`snapshot api 1`] = `
{
  "completed": false,
  "id": 1,
  "title": "delectus aut autem",
  "userId": 1,
}
`;

exports[`using dynamic data 1`] = `
{
  "createdAt": Any<Date>,
  "id": Any<Number>,
  "name": "LeBron James",
}
`;
